2026-04-19 09:17:51.609 INFO   Freerouting v2.1.0 (build-date: 2025-04-12)
2026-04-19 09:17:51.707 WARN   No default constructor found for field: currentLocale
2026-04-19 09:17:51.708 INFO   Settings were loaded from freerouting.json
2026-04-19 09:17:51.716 WARN   Couldn't get screen resolution. If you are running in a headless environment, disable the GUI by setting gui.enabled to false.
2026-04-19 09:17:53.410 INFO   [AFDCCB\0CF7C0] Job 'AFDCCB\0CF7C0' started at 2026-04-19T16:17:53.409787196Z
2026-04-19 09:17:53.557 INFO   New version available: v2.1.0
2026-04-19 09:18:12.938 INFO   [AFDCCB\0CF7C0] Auto-router pass #1 on board '634c1f93ddf9de8b7a5f08f94aace645' was completed in 18.87 seconds with the score of 593.68 (53 unrouted), using 134.95 CPU seconds and 1740 MB memory.
2026-04-19 09:18:15.674 WARN   PolylineTrace.get_trace_connection_shape p_index out of range
2026-04-19 09:18:15.677 ERROR  AutorouteEngine.autoroute_connection: Exception in maze_search_algo.find_connection
java.lang.NullPointerException: Cannot invoke "app.freerouting.geometry.planar.TileShape.nearest_point_approx(app.freerouting.geometry.planar.FloatPoint)" because "target_shape" is null
	at app.freerouting.autoroute.MazeSearchAlgo.expand_to_target_doors(MazeSearchAlgo.java:534) ~[freerouting-2.1.0.jar:unspecified]
	at app.freerouting.autoroute.MazeSearchAlgo.expand_to_room_doors(MazeSearchAlgo.java:398) ~[freerouting-2.1.0.jar:unspecified]
	at app.freerouting.autoroute.MazeSearchAlgo.occupy_next_element(MazeSearchAlgo.java:286) ~[freerouting-2.1.0.jar:unspecified]
	at app.freerouting.autoroute.MazeSearchAlgo.find_connection(MazeSearchAlgo.java:206) ~[freerouting-2.1.0.jar:unspecified]
	at app.freerouting.autoroute.AutorouteEngine.autoroute_connection(AutorouteEngine.java:155) [freerouting-2.1.0.jar:unspecified]
	at app.freerouting.autoroute.BatchAutorouter.autoroute_item(BatchAutorouter.java:610) [freerouting-2.1.0.jar:unspecified]
	at app.freerouting.autoroute.BatchAutorouter.autoroute_pass(BatchAutorouter.java:332) [freerouting-2.1.0.jar:unspecified]
	at app.freerouting.autoroute.BatchAutorouter.runBatchLoop(BatchAutorouter.java:447) [freerouting-2.1.0.jar:unspecified]
	at app.freerouting.management.RoutingJobSchedulerActionThread.thread_action(RoutingJobSchedulerActionThread.java:131) [freerouting-2.1.0.jar:unspecified]
	at app.freerouting.core.StoppableThread.run(StoppableThread.java:26) [freerouting-2.1.0.jar:unspecified]
2026-04-19 09:18:15.677 ERROR  AutorouteEngine.autoroute_connection: Exception in maze_search_algo.find_connection
java.lang.NullPointerException: Cannot invoke "app.freerouting.geometry.planar.TileShape.nearest_point_approx(app.freerouting.geometry.planar.FloatPoint)" because "target_shape" is null
	at app.freerouting.autoroute.MazeSearchAlgo.expand_to_target_doors(MazeSearchAlgo.java:534) ~[freerouting-2.1.0.jar:unspecified]
	at app.freerouting.autoroute.MazeSearchAlgo.expand_to_room_doors(MazeSearchAlgo.java:398) ~[freerouting-2.1.0.jar:unspecified]
	at app.freerouting.autoroute.MazeSearchAlgo.occupy_next_element(MazeSearchAlgo.java:286) ~[freerouting-2.1.0.jar:unspecified]
	at app.freerouting.autoroute.MazeSearchAlgo.find_connection(MazeSearchAlgo.java:206) ~[freerouting-2.1.0.jar:unspecified]
	at app.freerouting.autoroute.AutorouteEngine.autoroute_connection(AutorouteEngine.java:155) [freerouting-2.1.0.jar:unspecified]
	at app.freerouting.autoroute.BatchAutorouter.autoroute_item(BatchAutorouter.java:610) [freerouting-2.1.0.jar:unspecified]
	at app.freerouting.autoroute.BatchAutorouter.autoroute_pass(BatchAutorouter.java:332) [freerouting-2.1.0.jar:unspecified]
	at app.freerouting.autoroute.BatchAutorouter.runBatchLoop(BatchAutorouter.java:447) [freerouting-2.1.0.jar:unspecified]
	at app.freerouting.management.RoutingJobSchedulerActionThread.thread_action(RoutingJobSchedulerActionThread.java:131) [freerouting-2.1.0.jar:unspecified]
	at app.freerouting.core.StoppableThread.run(StoppableThread.java:26) [freerouting-2.1.0.jar:unspecified]
2026-04-19 09:18:16.894 WARN   PolylineTrace.get_trace_connection_shape p_index out of range
2026-04-19 09:18:16.896 ERROR  AutorouteEngine.autoroute_connection: Exception in maze_search_algo.find_connection
java.lang.NullPointerException: Cannot invoke "app.freerouting.geometry.planar.TileShape.nearest_point_approx(app.freerouting.geometry.planar.FloatPoint)" because "target_shape" is null
	at app.freerouting.autoroute.MazeSearchAlgo.expand_to_target_doors(MazeSearchAlgo.java:534) ~[freerouting-2.1.0.jar:unspecified]
	at app.freerouting.autoroute.MazeSearchAlgo.expand_to_room_doors(MazeSearchAlgo.java:398) ~[freerouting-2.1.0.jar:unspecified]
	at app.freerouting.autoroute.MazeSearchAlgo.occupy_next_element(MazeSearchAlgo.java:286) ~[freerouting-2.1.0.jar:unspecified]
	at app.freerouting.autoroute.MazeSearchAlgo.find_connection(MazeSearchAlgo.java:206) ~[freerouting-2.1.0.jar:unspecified]
	at app.freerouting.autoroute.AutorouteEngine.autoroute_connection(AutorouteEngine.java:155) [freerouting-2.1.0.jar:unspecified]
	at app.freerouting.autoroute.BatchAutorouter.autoroute_item(BatchAutorouter.java:610) [freerouting-2.1.0.jar:unspecified]
	at app.freerouting.autoroute.BatchAutorouter.autoroute_pass(BatchAutorouter.java:332) [freerouting-2.1.0.jar:unspecified]
	at app.freerouting.autoroute.BatchAutorouter.runBatchLoop(BatchAutorouter.java:447) [freerouting-2.1.0.jar:unspecified]
	at app.freerouting.management.RoutingJobSchedulerActionThread.thread_action(RoutingJobSchedulerActionThread.java:131) [freerouting-2.1.0.jar:unspecified]
	at app.freerouting.core.StoppableThread.run(StoppableThread.java:26) [freerouting-2.1.0.jar:unspecified]
2026-04-19 09:18:16.896 ERROR  AutorouteEngine.autoroute_connection: Exception in maze_search_algo.find_connection
java.lang.NullPointerException: Cannot invoke "app.freerouting.geometry.planar.TileShape.nearest_point_approx(app.freerouting.geometry.planar.FloatPoint)" because "target_shape" is null
	at app.freerouting.autoroute.MazeSearchAlgo.expand_to_target_doors(MazeSearchAlgo.java:534) ~[freerouting-2.1.0.jar:unspecified]
	at app.freerouting.autoroute.MazeSearchAlgo.expand_to_room_doors(MazeSearchAlgo.java:398) ~[freerouting-2.1.0.jar:unspecified]
	at app.freerouting.autoroute.MazeSearchAlgo.occupy_next_element(MazeSearchAlgo.java:286) ~[freerouting-2.1.0.jar:unspecified]
	at app.freerouting.autoroute.MazeSearchAlgo.find_connection(MazeSearchAlgo.java:206) ~[freerouting-2.1.0.jar:unspecified]
	at app.freerouting.autoroute.AutorouteEngine.autoroute_connection(AutorouteEngine.java:155) [freerouting-2.1.0.jar:unspecified]
	at app.freerouting.autoroute.BatchAutorouter.autoroute_item(BatchAutorouter.java:610) [freerouting-2.1.0.jar:unspecified]
	at app.freerouting.autoroute.BatchAutorouter.autoroute_pass(BatchAutorouter.java:332) [freerouting-2.1.0.jar:unspecified]
	at app.freerouting.autoroute.BatchAutorouter.runBatchLoop(BatchAutorouter.java:447) [freerouting-2.1.0.jar:unspecified]
	at app.freerouting.management.RoutingJobSchedulerActionThread.thread_action(RoutingJobSchedulerActionThread.java:131) [freerouting-2.1.0.jar:unspecified]
	at app.freerouting.core.StoppableThread.run(StoppableThread.java:26) [freerouting-2.1.0.jar:unspecified]
2026-04-19 09:18:18.181 WARN   PolylineTrace.get_trace_connection_shape p_index out of range
2026-04-19 09:18:18.185 ERROR  AutorouteEngine.autoroute_connection: Exception in maze_search_algo.find_connection
java.lang.NullPointerException: Cannot invoke "app.freerouting.geometry.planar.TileShape.nearest_point_approx(app.freerouting.geometry.planar.FloatPoint)" because "target_shape" is null
	at app.freerouting.autoroute.MazeSearchAlgo.expand_to_target_doors(MazeSearchAlgo.java:534) ~[freerouting-2.1.0.jar:unspecified]
	at app.freerouting.autoroute.MazeSearchAlgo.expand_to_room_doors(MazeSearchAlgo.java:398) ~[freerouting-2.1.0.jar:unspecified]
	at app.freerouting.autoroute.MazeSearchAlgo.occupy_next_element(MazeSearchAlgo.java:286) ~[freerouting-2.1.0.jar:unspecified]
	at app.freerouting.autoroute.MazeSearchAlgo.find_connection(MazeSearchAlgo.java:206) ~[freerouting-2.1.0.jar:unspecified]
	at app.freerouting.autoroute.AutorouteEngine.autoroute_connection(AutorouteEngine.java:155) [freerouting-2.1.0.jar:unspecified]
	at app.freerouting.autoroute.BatchAutorouter.autoroute_item(BatchAutorouter.java:610) [freerouting-2.1.0.jar:unspecified]
	at app.freerouting.autoroute.BatchAutorouter.autoroute_pass(BatchAutorouter.java:332) [freerouting-2.1.0.jar:unspecified]
	at app.freerouting.autoroute.BatchAutorouter.runBatchLoop(BatchAutorouter.java:447) [freerouting-2.1.0.jar:unspecified]
	at app.freerouting.management.RoutingJobSchedulerActionThread.thread_action(RoutingJobSchedulerActionThread.java:131) [freerouting-2.1.0.jar:unspecified]
	at app.freerouting.core.StoppableThread.run(StoppableThread.java:26) [freerouting-2.1.0.jar:unspecified]
2026-04-19 09:18:18.185 ERROR  AutorouteEngine.autoroute_connection: Exception in maze_search_algo.find_connection
java.lang.NullPointerException: Cannot invoke "app.freerouting.geometry.planar.TileShape.nearest_point_approx(app.freerouting.geometry.planar.FloatPoint)" because "target_shape" is null
	at app.freerouting.autoroute.MazeSearchAlgo.expand_to_target_doors(MazeSearchAlgo.java:534) ~[freerouting-2.1.0.jar:unspecified]
	at app.freerouting.autoroute.MazeSearchAlgo.expand_to_room_doors(MazeSearchAlgo.java:398) ~[freerouting-2.1.0.jar:unspecified]
	at app.freerouting.autoroute.MazeSearchAlgo.occupy_next_element(MazeSearchAlgo.java:286) ~[freerouting-2.1.0.jar:unspecified]
	at app.freerouting.autoroute.MazeSearchAlgo.find_connection(MazeSearchAlgo.java:206) ~[freerouting-2.1.0.jar:unspecified]
	at app.freerouting.autoroute.AutorouteEngine.autoroute_connection(AutorouteEngine.java:155) [freerouting-2.1.0.jar:unspecified]
	at app.freerouting.autoroute.BatchAutorouter.autoroute_item(BatchAutorouter.java:610) [freerouting-2.1.0.jar:unspecified]
	at app.freerouting.autoroute.BatchAutorouter.autoroute_pass(BatchAutorouter.java:332) [freerouting-2.1.0.jar:unspecified]
	at app.freerouting.autoroute.BatchAutorouter.runBatchLoop(BatchAutorouter.java:447) [freerouting-2.1.0.jar:unspecified]
	at app.freerouting.management.RoutingJobSchedulerActionThread.thread_action(RoutingJobSchedulerActionThread.java:131) [freerouting-2.1.0.jar:unspecified]
	at app.freerouting.core.StoppableThread.run(StoppableThread.java:26) [freerouting-2.1.0.jar:unspecified]
2026-04-19 09:18:18.781 INFO   [AFDCCB\0CF7C0] Auto-router pass #2 on board 'fec93c7571d9100e8b7b6269f043f997' was completed in 5.74 seconds with the score of 638.84 (50 unrouted), using 233.73 CPU seconds and 2670 MB memory.
2026-04-19 09:18:20.170 WARN   PolylineTrace.get_trace_connection_shape p_index out of range
2026-04-19 09:18:20.173 ERROR  AutorouteEngine.autoroute_connection: Exception in maze_search_algo.find_connection
java.lang.NullPointerException: Cannot invoke "app.freerouting.geometry.planar.TileShape.nearest_point_approx(app.freerouting.geometry.planar.FloatPoint)" because "target_shape" is null
	at app.freerouting.autoroute.MazeSearchAlgo.expand_to_target_doors(MazeSearchAlgo.java:534) ~[freerouting-2.1.0.jar:unspecified]
	at app.freerouting.autoroute.MazeSearchAlgo.expand_to_room_doors(MazeSearchAlgo.java:398) ~[freerouting-2.1.0.jar:unspecified]
	at app.freerouting.autoroute.MazeSearchAlgo.occupy_next_element(MazeSearchAlgo.java:286) ~[freerouting-2.1.0.jar:unspecified]
	at app.freerouting.autoroute.MazeSearchAlgo.find_connection(MazeSearchAlgo.java:206) ~[freerouting-2.1.0.jar:unspecified]
	at app.freerouting.autoroute.AutorouteEngine.autoroute_connection(AutorouteEngine.java:155) [freerouting-2.1.0.jar:unspecified]
	at app.freerouting.autoroute.BatchAutorouter.autoroute_item(BatchAutorouter.java:610) [freerouting-2.1.0.jar:unspecified]
	at app.freerouting.autoroute.BatchAutorouter.autoroute_pass(BatchAutorouter.java:332) [freerouting-2.1.0.jar:unspecified]
	at app.freerouting.autoroute.BatchAutorouter.runBatchLoop(BatchAutorouter.java:447) [freerouting-2.1.0.jar:unspecified]
	at app.freerouting.management.RoutingJobSchedulerActionThread.thread_action(RoutingJobSchedulerActionThread.java:131) [freerouting-2.1.0.jar:unspecified]
	at app.freerouting.core.StoppableThread.run(StoppableThread.java:26) [freerouting-2.1.0.jar:unspecified]
2026-04-19 09:18:20.173 ERROR  AutorouteEngine.autoroute_connection: Exception in maze_search_algo.find_connection
java.lang.NullPointerException: Cannot invoke "app.freerouting.geometry.planar.TileShape.nearest_point_approx(app.freerouting.geometry.planar.FloatPoint)" because "target_shape" is null
	at app.freerouting.autoroute.MazeSearchAlgo.expand_to_target_doors(MazeSearchAlgo.java:534) ~[freerouting-2.1.0.jar:unspecified]
	at app.freerouting.autoroute.MazeSearchAlgo.expand_to_room_doors(MazeSearchAlgo.java:398) ~[freerouting-2.1.0.jar:unspecified]
	at app.freerouting.autoroute.MazeSearchAlgo.occupy_next_element(MazeSearchAlgo.java:286) ~[freerouting-2.1.0.jar:unspecified]
	at app.freerouting.autoroute.MazeSearchAlgo.find_connection(MazeSearchAlgo.java:206) ~[freerouting-2.1.0.jar:unspecified]
	at app.freerouting.autoroute.AutorouteEngine.autoroute_connection(AutorouteEngine.java:155) [freerouting-2.1.0.jar:unspecified]
	at app.freerouting.autoroute.BatchAutorouter.autoroute_item(BatchAutorouter.java:610) [freerouting-2.1.0.jar:unspecified]
	at app.freerouting.autoroute.BatchAutorouter.autoroute_pass(BatchAutorouter.java:332) [freerouting-2.1.0.jar:unspecified]
	at app.freerouting.autoroute.BatchAutorouter.runBatchLoop(BatchAutorouter.java:447) [freerouting-2.1.0.jar:unspecified]
	at app.freerouting.management.RoutingJobSchedulerActionThread.thread_action(RoutingJobSchedulerActionThread.java:131) [freerouting-2.1.0.jar:unspecified]
	at app.freerouting.core.StoppableThread.run(StoppableThread.java:26) [freerouting-2.1.0.jar:unspecified]
2026-04-19 09:18:24.157 INFO   [AFDCCB\0CF7C0] Auto-router pass #3 on board 'c3d54a0f28d73a1b18a0a6f59a5f318e' was completed in 5.24 seconds with the score of 638.84 (50 unrouted), using 334.06 CPU seconds and 3407 MB memory.
2026-04-19 09:19:01.815 INFO   [AFDCCB\0CF7C0] Auto-router pass #4 on board '1497e9a5dd3e52ecec59bfa9f501beb6' was completed in 37.54 seconds with the score of 920.51 (15 unrouted), using 1705.75 CPU seconds and 7848 MB memory.
2026-04-19 09:19:04.132 INFO   [AFDCCB\0CF7C0] Auto-router pass #5 on board '68e3902d244a6b1cece592ad03ee54d2' was completed in 2.08 seconds with the score of 920.51 (15 unrouted), using 1808.33 CPU seconds and 8121 MB memory.
2026-04-19 09:19:05.838 INFO   [AFDCCB\0CF7C0] Auto-router pass #6 on board '68e3902d244a6b1cece592ad03ee54d2' was completed in 1.67 seconds with the score of 920.51 (15 unrouted), using 1912.94 CPU seconds and 8475 MB memory.
2026-04-19 09:19:07.210 INFO   [AFDCCB\0CF7C0] Auto-router pass #7 on board '68e3902d244a6b1cece592ad03ee54d2' was completed in 1.34 seconds with the score of 918.44 (15 unrouted), using 1966.32 CPU seconds and 8691 MB memory.
2026-04-19 09:19:08.032 WARN   PolylineTrace.get_trace_connection_shape p_index out of range
2026-04-19 09:19:08.033 ERROR  AutorouteEngine.autoroute_connection: Exception in maze_search_algo.find_connection
java.lang.NullPointerException: null
2026-04-19 09:19:08.033 ERROR  AutorouteEngine.autoroute_connection: Exception in maze_search_algo.find_connection
java.lang.NullPointerException: null
2026-04-19 09:19:09.113 INFO   [AFDCCB\0CF7C0] Auto-router pass #8 on board '0faed6141ea19e236e01826920225750' was completed in 1.81 seconds with the score of 918.39 (15 unrouted), using 2075.72 CPU seconds and 9183 MB memory.
2026-04-19 09:19:10.651 INFO   [AFDCCB\0CF7C0] Auto-router pass #9 on board 'd79ce6229d6ff8d31730714733313cae' was completed in 1.45 seconds with the score of 917.95 (15 unrouted), using 2188.31 CPU seconds and 9637 MB memory.
2026-04-19 09:19:12.690 INFO   [AFDCCB\0CF7C0] Auto-router pass #10 on board '83de06ad7383c78aafc573a37813a517' was completed in 1.86 seconds with the score of 913.60 (16 unrouted), using 2303.50 CPU seconds and 9989 MB memory.
2026-04-19 09:19:13.813 WARN   PolylineTrace.get_trace_connection_shape p_index out of range
2026-04-19 09:19:13.814 ERROR  AutorouteEngine.autoroute_connection: Exception in maze_search_algo.find_connection
java.lang.NullPointerException: null
2026-04-19 09:19:13.814 ERROR  AutorouteEngine.autoroute_connection: Exception in maze_search_algo.find_connection
java.lang.NullPointerException: null
2026-04-19 09:19:14.977 INFO   [AFDCCB\0CF7C0] Auto-router pass #11 on board '615343995ef3c9e23041c316115b8fd9' was completed in 2.21 seconds with the score of 909.36 (17 unrouted), using 2421.28 CPU seconds and 10303 MB memory.
2026-04-19 09:19:16.861 INFO   [AFDCCB\0CF7C0] Restoring an earlier board that has the score of 920.51 (15 unrouted).
2026-04-19 09:19:16.862 INFO   [AFDCCB\0CF7C0] Auto-router pass #12 on board '7268ba3b62a49feea83c0076cdf9b9e9' was completed in 1.80 seconds with the score of 909.36 (17 unrouted), using 2541.97 CPU seconds and 10771 MB memory.
2026-04-19 09:19:22.079 INFO   [AFDCCB\0CF7C0] Auto-router pass #13 on board '68e3902d244a6b1cece592ad03ee54d2' was completed in 5.19 seconds with the score of 936.27 (11 unrouted), using 2858.70 CPU seconds and 11674 MB memory.
2026-04-19 09:19:23.212 INFO   [AFDCCB\0CF7C0] Auto-router pass #14 on board '18d089c98109af94524477e5d0835162' was completed in 1.07 seconds with the score of 936.27 (11 unrouted), using 2924.59 CPU seconds and 11967 MB memory.
2026-04-19 09:19:24.239 INFO   [AFDCCB\0CF7C0] Auto-router pass #15 on board '18d089c98109af94524477e5d0835162' was completed in 1.00 seconds with the score of 936.27 (11 unrouted), using 2991.33 CPU seconds and 12210 MB memory.
2026-04-19 09:19:37.080 INFO   [AFDCCB\0CF7C0] Auto-router pass #16 on board '18d089c98109af94524477e5d0835162' was completed in 12.81 seconds with the score of 948.02 (9 unrouted), using 3935.20 CPU seconds and 14508 MB memory.
2026-04-19 09:19:38.032 INFO   [AFDCCB\0CF7C0] Auto-router pass #17 on board '428c84f228a6a13a202f606efa4b096d' was completed in 0.88 seconds with the score of 948.02 (9 unrouted), using 4013.17 CPU seconds and 14730 MB memory.
2026-04-19 09:19:39.186 INFO   [AFDCCB\0CF7C0] Auto-router pass #18 on board '428c84f228a6a13a202f606efa4b096d' was completed in 1.12 seconds with the score of 948.02 (9 unrouted), using 4091.81 CPU seconds and 14913 MB memory.
2026-04-19 09:19:39.873 INFO   [AFDCCB\0CF7C0] Auto-router pass #19 on board '428c84f228a6a13a202f606efa4b096d' was completed in 0.67 seconds with the score of 948.02 (9 unrouted), using 4171.29 CPU seconds and 15170 MB memory.
2026-04-19 09:19:41.062 INFO   [AFDCCB\0CF7C0] Restoring an earlier board that has the score of 948.02 (9 unrouted).
2026-04-19 09:19:41.062 INFO   [AFDCCB\0CF7C0] Auto-router pass #20 on board '428c84f228a6a13a202f606efa4b096d' was completed in 1.17 seconds with the score of 948.02 (9 unrouted), using 4251.64 CPU seconds and 15437 MB memory.
2026-04-19 09:19:44.891 INFO   [AFDCCB\0CF7C0] Auto-router pass #21 on board '428c84f228a6a13a202f606efa4b096d' was completed in 3.76 seconds with the score of 948.02 (9 unrouted), using 4581.21 CPU seconds and 16185 MB memory.
2026-04-19 09:19:45.551 INFO   [AFDCCB\0CF7C0] Auto-router pass #22 on board '428c84f228a6a13a202f606efa4b096d' was completed in 0.63 seconds with the score of 948.02 (9 unrouted), using 4581.21 CPU seconds and 16185 MB memory.
2026-04-19 09:19:46.266 INFO   [AFDCCB\0CF7C0] Auto-router pass #23 on board '428c84f228a6a13a202f606efa4b096d' was completed in 0.69 seconds with the score of 948.02 (9 unrouted), using 4665.86 CPU seconds and 16519 MB memory.
2026-04-19 09:19:53.786 INFO   [AFDCCB\0CF7C0] Auto-router pass #24 on board '428c84f228a6a13a202f606efa4b096d' was completed in 7.50 seconds with the score of 953.12 (8 unrouted), using 5375.02 CPU seconds and 18213 MB memory.
2026-04-19 09:19:54.375 INFO   [AFDCCB\0CF7C0] Auto-router pass #25 on board 'f1ab7348f9567ca197a22d66b524fd6c' was completed in 0.52 seconds with the score of 953.12 (8 unrouted), using 5375.02 CPU seconds and 18213 MB memory.
2026-04-19 09:19:54.943 INFO   [AFDCCB\0CF7C0] Auto-router pass #26 on board 'f1ab7348f9567ca197a22d66b524fd6c' was completed in 0.55 seconds with the score of 953.12 (8 unrouted), using 5467.66 CPU seconds and 18574 MB memory.
2026-04-19 09:19:55.664 INFO   [AFDCCB\0CF7C0] Auto-router pass #27 on board 'f1ab7348f9567ca197a22d66b524fd6c' was completed in 0.70 seconds with the score of 953.12 (8 unrouted), using 5467.66 CPU seconds and 18574 MB memory.
2026-04-19 09:19:56.832 INFO   [AFDCCB\0CF7C0] Restoring an earlier board that has the score of 953.12 (8 unrouted).
2026-04-19 09:19:56.834 INFO   [AFDCCB\0CF7C0] Auto-router pass #28 on board 'f1ab7348f9567ca197a22d66b524fd6c' was completed in 1.15 seconds with the score of 953.12 (8 unrouted), using 5655.64 CPU seconds and 19120 MB memory.
2026-04-19 09:20:02.250 INFO   [AFDCCB\0CF7C0] Auto-router pass #29 on board 'f1ab7348f9567ca197a22d66b524fd6c' was completed in 5.38 seconds with the score of 953.12 (8 unrouted), using 6138.13 CPU seconds and 19754 MB memory.
2026-04-19 09:20:02.964 INFO   [AFDCCB\0CF7C0] Auto-router pass #30 on board 'f1ab7348f9567ca197a22d66b524fd6c' was completed in 0.69 seconds with the score of 953.12 (8 unrouted), using 6236.94 CPU seconds and 20015 MB memory.
2026-04-19 09:20:03.472 INFO   [AFDCCB\0CF7C0] Auto-router pass #31 on board 'f1ab7348f9567ca197a22d66b524fd6c' was completed in 0.49 seconds with the score of 953.12 (8 unrouted), using 6236.94 CPU seconds and 20015 MB memory.
2026-04-19 09:20:16.193 INFO   [AFDCCB\0CF7C0] Auto-router pass #32 on board 'f1ab7348f9567ca197a22d66b524fd6c' was completed in 12.70 seconds with the score of 959.70 (6 unrouted), using 7592.63 CPU seconds and 22280 MB memory.
2026-04-19 09:20:16.467 WARN   ShapeSearchTree45Degree.complete_shape: cannot convert room shape Simplex to IntOctagon
2026-04-19 09:20:16.493 WARN   ShapeSearchTree45Degree.complete_shape: cannot convert room shape Simplex to IntOctagon
2026-04-19 09:20:16.493 WARN   ShapeSearchTree45Degree.complete_shape: cannot convert room shape Simplex to IntOctagon
2026-04-19 09:20:16.493 WARN   ShapeSearchTree45Degree.complete_shape: cannot convert room shape Simplex to IntOctagon
2026-04-19 09:20:16.494 WARN   ShapeSearchTree45Degree.complete_shape: cannot convert room shape Simplex to IntOctagon
2026-04-19 09:20:16.513 WARN   ShapeSearchTree45Degree.complete_shape: cannot convert room shape Simplex to IntOctagon
2026-04-19 09:20:16.513 WARN   ShapeSearchTree45Degree.complete_shape: cannot convert room shape Simplex to IntOctagon
2026-04-19 09:20:16.514 WARN   ShapeSearchTree45Degree.complete_shape: cannot convert room shape Simplex to IntOctagon
2026-04-19 09:20:17.343 INFO   [AFDCCB\0CF7C0] Auto-router pass #33 on board '46ee5cb86ed86cea2d8a58f9cb8d97d7' was completed in 1.08 seconds with the score of 955.69 (7 unrouted), using 7701.82 CPU seconds and 22483 MB memory.
2026-04-19 09:20:18.266 INFO   [AFDCCB\0CF7C0] Auto-router pass #34 on board '28b6760f9904eb53ba3c978fc2828ed1' was completed in 0.79 seconds with the score of 955.69 (7 unrouted), using 7811.77 CPU seconds and 22683 MB memory.
2026-04-19 09:20:19.035 INFO   [AFDCCB\0CF7C0] Auto-router pass #35 on board '28b6760f9904eb53ba3c978fc2828ed1' was completed in 0.71 seconds with the score of 955.69 (7 unrouted), using 7922.49 CPU seconds and 22929 MB memory.
2026-04-19 09:20:20.040 INFO   [AFDCCB\0CF7C0] Restoring an earlier board that has the score of 959.70 (6 unrouted).
2026-04-19 09:20:20.041 INFO   [AFDCCB\0CF7C0] Auto-router pass #36 on board '28b6760f9904eb53ba3c978fc2828ed1' was completed in 0.97 seconds with the score of 955.69 (7 unrouted), using 8034.13 CPU seconds and 23199 MB memory.
2026-04-19 09:20:24.946 INFO   [AFDCCB\0CF7C0] Auto-router pass #37 on board '46ee5cb86ed86cea2d8a58f9cb8d97d7' was completed in 4.88 seconds with the score of 964.61 (5 unrouted), using 8602.95 CPU seconds and 24115 MB memory.
2026-04-19 09:20:25.422 INFO   [AFDCCB\0CF7C0] Auto-router pass #38 on board '3edadfcfff22ff34bcb1028d9abca927' was completed in 0.42 seconds with the score of 964.51 (5 unrouted), using 8602.95 CPU seconds and 24115 MB memory.
2026-04-19 09:20:25.892 INFO   [AFDCCB\0CF7C0] Auto-router pass #39 on board 'c3a1d5849e3a2dcc354931af3c8b7a08' was completed in 0.41 seconds with the score of 964.51 (5 unrouted), using 8719.07 CPU seconds and 24465 MB memory.
2026-04-19 09:20:33.155 INFO   [AFDCCB\0CF7C0] Restoring an earlier board that has the score of 964.61 (5 unrouted).
2026-04-19 09:20:33.156 INFO   [AFDCCB\0CF7C0] Auto-router pass #40 on board 'c3a1d5849e3a2dcc354931af3c8b7a08' was completed in 7.25 seconds with the score of 959.67 (6 unrouted), using 9555.36 CPU seconds and 25897 MB memory.
2026-04-19 09:20:36.304 INFO   [AFDCCB\0CF7C0] Auto-router pass #41 on board '3edadfcfff22ff34bcb1028d9abca927' was completed in 3.13 seconds with the score of 964.51 (5 unrouted), using 9926.38 CPU seconds and 26559 MB memory.
2026-04-19 09:20:36.782 INFO   [AFDCCB\0CF7C0] Auto-router pass #42 on board 'c3a1d5849e3a2dcc354931af3c8b7a08' was completed in 0.45 seconds with the score of 964.51 (5 unrouted), using 9926.38 CPU seconds and 26559 MB memory.
2026-04-19 09:20:37.260 INFO   [AFDCCB\0CF7C0] Auto-router pass #43 on board 'c3a1d5849e3a2dcc354931af3c8b7a08' was completed in 0.43 seconds with the score of 964.51 (5 unrouted), using 10051.87 CPU seconds and 26906 MB memory.
2026-04-19 09:20:43.078 INFO   [AFDCCB\0CF7C0] Restoring an earlier board that has the score of 964.61 (5 unrouted).
2026-04-19 09:20:43.079 INFO   [AFDCCB\0CF7C0] Auto-router pass #44 on board 'c3a1d5849e3a2dcc354931af3c8b7a08' was completed in 5.80 seconds with the score of 964.51 (5 unrouted), using 10823.99 CPU seconds and 28483 MB memory.
2026-04-19 09:20:47.242 INFO   [AFDCCB\0CF7C0] Auto-router pass #45 on board '3edadfcfff22ff34bcb1028d9abca927' was completed in 4.14 seconds with the score of 964.51 (5 unrouted), using 11355.35 CPU seconds and 29219 MB memory.
2026-04-19 09:20:47.641 INFO   [AFDCCB\0CF7C0] Auto-router pass #46 on board 'c3a1d5849e3a2dcc354931af3c8b7a08' was completed in 0.38 seconds with the score of 964.51 (5 unrouted), using 11355.35 CPU seconds and 29219 MB memory.
2026-04-19 09:20:48.041 INFO   [AFDCCB\0CF7C0] Auto-router pass #47 on board 'c3a1d5849e3a2dcc354931af3c8b7a08' was completed in 0.39 seconds with the score of 964.51 (5 unrouted), using 11490.15 CPU seconds and 29562 MB memory.
2026-04-19 09:20:54.335 INFO   [AFDCCB\0CF7C0] Restoring an earlier board that has the score of 964.61 (5 unrouted).
2026-04-19 09:20:54.336 INFO   [AFDCCB\0CF7C0] Auto-router pass #48 on board 'c3a1d5849e3a2dcc354931af3c8b7a08' was completed in 6.28 seconds with the score of 959.67 (6 unrouted), using 12316.90 CPU seconds and 31000 MB memory.
