2026-04-19 09:21:24.109 INFO   Freerouting v2.1.0 (build-date: 2025-04-12)
2026-04-19 09:21:24.316 WARN   No default constructor found for field: currentLocale
2026-04-19 09:21:24.317 INFO   Settings were loaded from freerouting.json
2026-04-19 09:21:24.332 WARN   Couldn't get screen resolution. If you are running in a headless environment, disable the GUI by setting gui.enabled to false.
2026-04-19 09:21:26.003 INFO   [8E96AF\645EAA] Job '8E96AF\645EAA' started at 2026-04-19T16:21:26.002516239Z
2026-04-19 09:21:26.173 INFO   New version available: v2.1.0
2026-04-19 09:21:45.047 INFO   [8E96AF\645EAA] Auto-router pass #1 on board '21f9cc70827e0ac05d8bb8f69be9693f' was completed in 18.32 seconds with the score of 876.34 (23 unrouted), using 119.27 CPU seconds and 1855 MB memory.
2026-04-19 09:21:57.895 INFO   [8E96AF\645EAA] Auto-router pass #2 on board '759b4f611699b7b45e6327fea1bf8b29' was completed in 12.74 seconds with the score of 950.83 (8 unrouted), using 354.74 CPU seconds and 3180 MB memory.
2026-04-19 09:22:03.986 INFO   [8E96AF\645EAA] Auto-router pass #3 on board '903e6b2602445c6738da5987be7bfde6' was completed in 5.99 seconds with the score of 968.97 (4 unrouted), using 506.66 CPU seconds and 3765 MB memory.
2026-04-19 09:22:11.033 INFO   [8E96AF\645EAA] Auto-router pass #4 on board 'faa287dfe6fed03ea6408b70cf75c005' was completed in 6.88 seconds with the score of 977.16 (2 unrouted), using 716.96 CPU seconds and 4408 MB memory.
2026-04-19 09:22:13.640 INFO   [8E96AF\645EAA] Auto-router pass #5 on board '4f10041e7085ddf7ddf197af5faae112' was completed in 2.51 seconds with the score of 984.28, using 818.01 CPU seconds and 4689 MB memory.
2026-04-19 09:22:13.775 INFO   [8E96AF\645EAA] Auto-router pass #6 on board 'fbb2ec4c6d605d6b5670cb1183226829' was completed in 0.03 seconds with the score of 984.28, using 818.01 CPU seconds and 4689 MB memory.
{
  "host": "KiCad's Pcbnew,9.0.2+dfsg-1",
  "unit": "mm",
  "board": {
    "bounding_box": {
      "x": 651.0,
      "y": 1.0,
      "width": -1.0,
      "height": -566.0
    },
    "size": {
      "x": 0.0,
      "y": 0.0,
      "width": 652.0,
      "height": 567.0
    }
  },
  "layers": {
    "total_count": 2,
    "signal_count": 2
  },
  "items": {
    "total_count": 682,
    "trace_count": 150,
    "via_count": 36,
    "conduction_area_count": 1,
    "drill_item_count": 137,
    "pin_count": 0,
    "component_count": 349,
    "other_count": 9
  },
  "components": {
    "total_count": 26
  },
  "pads": {
    "total_count": 137
  },
  "nets": {
    "total_count": 35,
    "class_count": 2
  },
  "connections": {
    "maximum_count": 279,
    "incomplete_count": 0
  },
  "traces": {
    "total_count": 150,
    "total_segment_count": 409,
    "total_length": 13154.912,
    "total_weighted_length": 3.9487844E7,
    "average_length": 87.69942,
    "total_vertical_length": 3849.671,
    "total_horizontal_length": 3000.915,
    "total_angled_length": 4378.752
  },
  "bends": {
    "total_count": 259,
    "90_degree_count": 2,
    "45_degree_count": 257,
    "other_angle_count": 0
  },
  "vias": {
    "total_count": 36,
    "through_hole_count": 36,
    "blind_count": 0,
    "buried_count": 0
  },
  "clearance_violations": {
    "total_count": 0
  }
}
