2026-04-19 10:34:16.649 INFO   Freerouting v2.1.0 (build-date: 2025-04-12)
2026-04-19 10:34:16.806 WARN   No default constructor found for field: currentLocale
2026-04-19 10:34:16.809 INFO   Settings were loaded from freerouting.json
2026-04-19 10:34:16.829 WARN   Couldn't get screen resolution. If you are running in a headless environment, disable the GUI by setting gui.enabled to false.
2026-04-19 10:34:18.480 INFO   [FBDAC1\4C117C] Job 'FBDAC1\4C117C' started at 2026-04-19T17:34:18.479194251Z
2026-04-19 10:34:18.925 INFO   New version available: v2.1.0
2026-04-19 10:34:34.765 INFO   [FBDAC1\4C117C] Auto-router pass #1 on board '4f45f1ee5a704c090e135795aff4c2ff' was completed in 15.39 seconds with the score of 942.92 (6 unrouted), using 84.02 CPU seconds and 912 MB memory.
2026-04-19 10:34:37.740 INFO   [FBDAC1\4C117C] Auto-router pass #2 on board 'c913e4fcc63e76aec28cc1a09f985d41' was completed in 2.69 seconds with the score of 980.04 (1 unrouted), using 116.28 CPU seconds and 1098 MB memory.
2026-04-19 10:34:38.038 INFO   [FBDAC1\4C117C] Auto-router pass #3 on board '49b0db7cde9b3f39d037605b31e60e6c' was completed in 0.22 seconds with the score of 986.13, using 116.28 CPU seconds and 1098 MB memory.
2026-04-19 10:34:38.194 INFO   [FBDAC1\4C117C] Auto-router pass #4 on board '84bd9d45fea96855581a3a7dd2e6ddb2' was completed in 0.02 seconds with the score of 986.13, using 116.28 CPU seconds and 1098 MB memory.
{
  "host": "KiCad's Pcbnew,9.0.2+dfsg-1",
  "unit": "mm",
  "board": {
    "bounding_box": {
      "x": 651.0,
      "y": 1.0,
      "width": -1.0,
      "height": -421.0
    },
    "size": {
      "x": 0.0,
      "y": 0.0,
      "width": 652.0,
      "height": 422.0
    }
  },
  "layers": {
    "total_count": 2,
    "signal_count": 2
  },
  "items": {
    "total_count": 540,
    "trace_count": 80,
    "via_count": 29,
    "conduction_area_count": 1,
    "drill_item_count": 76,
    "pin_count": 0,
    "component_count": 345,
    "other_count": 9
  },
  "components": {
    "total_count": 24
  },
  "pads": {
    "total_count": 76
  },
  "nets": {
    "total_count": 19,
    "class_count": 2
  },
  "connections": {
    "maximum_count": 154,
    "incomplete_count": 0
  },
  "traces": {
    "total_count": 80,
    "total_segment_count": 187,
    "total_length": 6025.5605,
    "total_weighted_length": 1.8056694E7,
    "average_length": 75.31951,
    "total_vertical_length": 1217.498,
    "total_horizontal_length": 1767.58,
    "total_angled_length": 1892.4232
  },
  "bends": {
    "total_count": 107,
    "90_degree_count": 2,
    "45_degree_count": 105,
    "other_angle_count": 0
  },
  "vias": {
    "total_count": 29,
    "through_hole_count": 29,
    "blind_count": 0,
    "buried_count": 0
  },
  "clearance_violations": {
    "total_count": 0
  }
}
